// Jest Snapshot v1, https://goo.gl/fbAQLP

exports[`matches snapshot 1`] = `
<DocumentFragment>
  <div>
    <div
      class="Todo"
      id="todo1"
    >
      <h3>
        Complete homework
      </h3>
      <button>
        X
      </button>
    </div>
    <div
      class="Todo"
      id="todo2"
    >
      <h3>
        New task
      </h3>
      <button>
        X
      </button>
    </div>
    <form
      style="display: flex; flex-direction: column;"
    >
      <div>
        <label
          for="task"
        >
          Task: 
        </label>
        <input
          name="task"
          placeholder="New task"
          type="text"
          value=""
        />
      </div>
      <button>
        Create
      </button>
    </form>
  </div>
</DocumentFragment>
`;
